// Jest Snapshot v1, https://goo.gl/fbAQLP

exports[`Counter component Debe hacer match con el snapshot 1`] = `
<h2>Counter</h2>
<p>100 <sup>2</sup> = 10000</p>
<p data-testid="Counter">100</p>
<div><button> + </button><button> - </button></div>
`;
